cp: cannot stat `/home/alolinco/nwc_runs_qcdb/sp/rhf_scf/energy/test/*.movecs': No such file or directory
cp: cannot stat `/home/alolinco/nwc_runs_qcdb/sp/rhf_scf/energy/test/*.hess': No such file or directory
cp: cannot stat `/var/scratch/alolinco/test/*.hess': No such file or directory
cp: cannot stat `/var/scratch/alolinco/test/ecce*': No such file or directory
cp: cannot stat `/var/scratch/alolinco/test/*.log': No such file or directory
cp: cannot stat `/var/scratch/alolinco/test/*.out': No such file or directory
